ARM GAS  /tmp/cc8DLmSf.s 			page 1


   1              		.cpu cortex-m4
   2              		.arch armv7e-m
   3              		.fpu fpv4-sp-d16
   4              		.eabi_attribute 27, 1
   5              		.eabi_attribute 28, 1
   6              		.eabi_attribute 20, 1
   7              		.eabi_attribute 21, 1
   8              		.eabi_attribute 23, 3
   9              		.eabi_attribute 24, 1
  10              		.eabi_attribute 25, 1
  11              		.eabi_attribute 26, 1
  12              		.eabi_attribute 30, 1
  13              		.eabi_attribute 34, 1
  14              		.eabi_attribute 18, 4
  15              		.file	"adc.c"
  16              		.text
  17              	.Ltext0:
  18              		.cfi_sections	.debug_frame
  19              		.file 1 "Core/Src/adc.c"
  20              		.section	.text.MX_ADC1_Init,"ax",%progbits
  21              		.align	1
  22              		.global	MX_ADC1_Init
  23              		.syntax unified
  24              		.thumb
  25              		.thumb_func
  27              	MX_ADC1_Init:
  28              	.LFB329:
   1:Core/Src/adc.c **** /* USER CODE BEGIN Header */
   2:Core/Src/adc.c **** /**
   3:Core/Src/adc.c ****   ******************************************************************************
   4:Core/Src/adc.c ****   * @file    adc.c
   5:Core/Src/adc.c ****   * @brief   This file provides code for the configuration
   6:Core/Src/adc.c ****   *          of the ADC instances.
   7:Core/Src/adc.c ****   ******************************************************************************
   8:Core/Src/adc.c ****   * @attention
   9:Core/Src/adc.c ****   *
  10:Core/Src/adc.c ****   * Copyright (c) 2026 STMicroelectronics.
  11:Core/Src/adc.c ****   * All rights reserved.
  12:Core/Src/adc.c ****   *
  13:Core/Src/adc.c ****   * This software is licensed under terms that can be found in the LICENSE file
  14:Core/Src/adc.c ****   * in the root directory of this software component.
  15:Core/Src/adc.c ****   * If no LICENSE file comes with this software, it is provided AS-IS.
  16:Core/Src/adc.c ****   *
  17:Core/Src/adc.c ****   ******************************************************************************
  18:Core/Src/adc.c ****   */
  19:Core/Src/adc.c **** /* USER CODE END Header */
  20:Core/Src/adc.c **** /* Includes ------------------------------------------------------------------*/
  21:Core/Src/adc.c **** #include "adc.h"
  22:Core/Src/adc.c **** 
  23:Core/Src/adc.c **** /* USER CODE BEGIN 0 */
  24:Core/Src/adc.c **** 
  25:Core/Src/adc.c **** /* USER CODE END 0 */
  26:Core/Src/adc.c **** 
  27:Core/Src/adc.c **** ADC_HandleTypeDef hadc1;
  28:Core/Src/adc.c **** 
  29:Core/Src/adc.c **** /* ADC1 init function */
  30:Core/Src/adc.c **** void MX_ADC1_Init(void)
ARM GAS  /tmp/cc8DLmSf.s 			page 2


  31:Core/Src/adc.c **** {
  29              		.loc 1 31 1 view -0
  30              		.cfi_startproc
  31              		@ args = 0, pretend = 0, frame = 104
  32              		@ frame_needed = 0, uses_anonymous_args = 0
  33 0000 10B5     		push	{r4, lr}
  34              	.LCFI0:
  35              		.cfi_def_cfa_offset 8
  36              		.cfi_offset 4, -8
  37              		.cfi_offset 14, -4
  38 0002 9AB0     		sub	sp, sp, #104
  39              	.LCFI1:
  40              		.cfi_def_cfa_offset 112
  32:Core/Src/adc.c **** 
  33:Core/Src/adc.c ****   /* USER CODE BEGIN ADC1_Init 0 */
  34:Core/Src/adc.c **** 
  35:Core/Src/adc.c ****   /* USER CODE END ADC1_Init 0 */
  36:Core/Src/adc.c **** 
  37:Core/Src/adc.c ****   ADC_MultiModeTypeDef multimode = {0};
  41              		.loc 1 37 3 view .LVU1
  42              		.loc 1 37 24 is_stmt 0 view .LVU2
  43 0004 0024     		movs	r4, #0
  44 0006 1794     		str	r4, [sp, #92]
  45 0008 1894     		str	r4, [sp, #96]
  46 000a 1994     		str	r4, [sp, #100]
  38:Core/Src/adc.c ****   ADC_ChannelConfTypeDef sConfig = {0};
  47              		.loc 1 38 3 is_stmt 1 view .LVU3
  48              		.loc 1 38 26 is_stmt 0 view .LVU4
  49 000c 2022     		movs	r2, #32
  50 000e 2146     		mov	r1, r4
  51 0010 0FA8     		add	r0, sp, #60
  52 0012 FFF7FEFF 		bl	memset
  53              	.LVL0:
  39:Core/Src/adc.c ****   ADC_InjectionConfTypeDef sConfigInjected = {0};
  54              		.loc 1 39 3 is_stmt 1 view .LVU5
  55              		.loc 1 39 28 is_stmt 0 view .LVU6
  56 0016 3C22     		movs	r2, #60
  57 0018 2146     		mov	r1, r4
  58 001a 6846     		mov	r0, sp
  59 001c FFF7FEFF 		bl	memset
  60              	.LVL1:
  40:Core/Src/adc.c **** 
  41:Core/Src/adc.c ****   /* USER CODE BEGIN ADC1_Init 1 */
  42:Core/Src/adc.c **** 
  43:Core/Src/adc.c ****   /* USER CODE END ADC1_Init 1 */
  44:Core/Src/adc.c **** 
  45:Core/Src/adc.c ****   /** Common config
  46:Core/Src/adc.c ****   */
  47:Core/Src/adc.c ****   hadc1.Instance = ADC1;
  61              		.loc 1 47 3 is_stmt 1 view .LVU7
  62              		.loc 1 47 18 is_stmt 0 view .LVU8
  63 0020 3E48     		ldr	r0, .L15
  64 0022 4FF0A043 		mov	r3, #1342177280
  65 0026 0360     		str	r3, [r0]
  48:Core/Src/adc.c ****   hadc1.Init.ClockPrescaler = ADC_CLOCK_SYNC_PCLK_DIV4;
  66              		.loc 1 48 3 is_stmt 1 view .LVU9
  67              		.loc 1 48 29 is_stmt 0 view .LVU10
ARM GAS  /tmp/cc8DLmSf.s 			page 3


  68 0028 4FF44033 		mov	r3, #196608
  69 002c 4360     		str	r3, [r0, #4]
  49:Core/Src/adc.c ****   hadc1.Init.Resolution = ADC_RESOLUTION_12B;
  70              		.loc 1 49 3 is_stmt 1 view .LVU11
  71              		.loc 1 49 25 is_stmt 0 view .LVU12
  72 002e 8460     		str	r4, [r0, #8]
  50:Core/Src/adc.c ****   hadc1.Init.DataAlign = ADC_DATAALIGN_RIGHT;
  73              		.loc 1 50 3 is_stmt 1 view .LVU13
  74              		.loc 1 50 24 is_stmt 0 view .LVU14
  75 0030 C460     		str	r4, [r0, #12]
  51:Core/Src/adc.c ****   hadc1.Init.GainCompensation = 0;
  76              		.loc 1 51 3 is_stmt 1 view .LVU15
  77              		.loc 1 51 31 is_stmt 0 view .LVU16
  78 0032 0461     		str	r4, [r0, #16]
  52:Core/Src/adc.c ****   hadc1.Init.ScanConvMode = ADC_SCAN_ENABLE;
  79              		.loc 1 52 3 is_stmt 1 view .LVU17
  80              		.loc 1 52 27 is_stmt 0 view .LVU18
  81 0034 0123     		movs	r3, #1
  82 0036 4361     		str	r3, [r0, #20]
  53:Core/Src/adc.c ****   hadc1.Init.EOCSelection = ADC_EOC_SINGLE_CONV;
  83              		.loc 1 53 3 is_stmt 1 view .LVU19
  84              		.loc 1 53 27 is_stmt 0 view .LVU20
  85 0038 0422     		movs	r2, #4
  86 003a 8261     		str	r2, [r0, #24]
  54:Core/Src/adc.c ****   hadc1.Init.LowPowerAutoWait = DISABLE;
  87              		.loc 1 54 3 is_stmt 1 view .LVU21
  88              		.loc 1 54 31 is_stmt 0 view .LVU22
  89 003c 0477     		strb	r4, [r0, #28]
  55:Core/Src/adc.c ****   hadc1.Init.ContinuousConvMode = DISABLE;
  90              		.loc 1 55 3 is_stmt 1 view .LVU23
  91              		.loc 1 55 33 is_stmt 0 view .LVU24
  92 003e 4477     		strb	r4, [r0, #29]
  56:Core/Src/adc.c ****   hadc1.Init.NbrOfConversion = 1;
  93              		.loc 1 56 3 is_stmt 1 view .LVU25
  94              		.loc 1 56 30 is_stmt 0 view .LVU26
  95 0040 0362     		str	r3, [r0, #32]
  57:Core/Src/adc.c ****   hadc1.Init.DiscontinuousConvMode = DISABLE;
  96              		.loc 1 57 3 is_stmt 1 view .LVU27
  97              		.loc 1 57 36 is_stmt 0 view .LVU28
  98 0042 80F82440 		strb	r4, [r0, #36]
  58:Core/Src/adc.c ****   hadc1.Init.ExternalTrigConv = ADC_SOFTWARE_START;
  99              		.loc 1 58 3 is_stmt 1 view .LVU29
 100              		.loc 1 58 31 is_stmt 0 view .LVU30
 101 0046 C462     		str	r4, [r0, #44]
  59:Core/Src/adc.c ****   hadc1.Init.ExternalTrigConvEdge = ADC_EXTERNALTRIGCONVEDGE_NONE;
 102              		.loc 1 59 3 is_stmt 1 view .LVU31
 103              		.loc 1 59 35 is_stmt 0 view .LVU32
 104 0048 0463     		str	r4, [r0, #48]
  60:Core/Src/adc.c ****   hadc1.Init.DMAContinuousRequests = DISABLE;
 105              		.loc 1 60 3 is_stmt 1 view .LVU33
 106              		.loc 1 60 36 is_stmt 0 view .LVU34
 107 004a 80F83840 		strb	r4, [r0, #56]
  61:Core/Src/adc.c ****   hadc1.Init.Overrun = ADC_OVR_DATA_PRESERVED;
 108              		.loc 1 61 3 is_stmt 1 view .LVU35
 109              		.loc 1 61 22 is_stmt 0 view .LVU36
 110 004e C463     		str	r4, [r0, #60]
  62:Core/Src/adc.c ****   hadc1.Init.OversamplingMode = DISABLE;
ARM GAS  /tmp/cc8DLmSf.s 			page 4


 111              		.loc 1 62 3 is_stmt 1 view .LVU37
 112              		.loc 1 62 31 is_stmt 0 view .LVU38
 113 0050 80F84040 		strb	r4, [r0, #64]
  63:Core/Src/adc.c ****   if (HAL_ADC_Init(&hadc1) != HAL_OK)
 114              		.loc 1 63 3 is_stmt 1 view .LVU39
 115              		.loc 1 63 7 is_stmt 0 view .LVU40
 116 0054 FFF7FEFF 		bl	HAL_ADC_Init
 117              	.LVL2:
 118              		.loc 1 63 6 discriminator 1 view .LVU41
 119 0058 0028     		cmp	r0, #0
 120 005a 4DD1     		bne	.L9
 121              	.L2:
  64:Core/Src/adc.c ****   {
  65:Core/Src/adc.c ****     Error_Handler();
  66:Core/Src/adc.c ****   }
  67:Core/Src/adc.c **** 
  68:Core/Src/adc.c ****   /** Configure the ADC multi-mode
  69:Core/Src/adc.c ****   */
  70:Core/Src/adc.c ****   multimode.Mode = ADC_MODE_INDEPENDENT;
 122              		.loc 1 70 3 is_stmt 1 view .LVU42
 123              		.loc 1 70 18 is_stmt 0 view .LVU43
 124 005c 0023     		movs	r3, #0
 125 005e 1793     		str	r3, [sp, #92]
  71:Core/Src/adc.c ****   if (HAL_ADCEx_MultiModeConfigChannel(&hadc1, &multimode) != HAL_OK)
 126              		.loc 1 71 3 is_stmt 1 view .LVU44
 127              		.loc 1 71 7 is_stmt 0 view .LVU45
 128 0060 17A9     		add	r1, sp, #92
 129 0062 2E48     		ldr	r0, .L15
 130 0064 FFF7FEFF 		bl	HAL_ADCEx_MultiModeConfigChannel
 131              	.LVL3:
 132              		.loc 1 71 6 discriminator 1 view .LVU46
 133 0068 0028     		cmp	r0, #0
 134 006a 48D1     		bne	.L10
 135              	.L3:
  72:Core/Src/adc.c ****   {
  73:Core/Src/adc.c ****     Error_Handler();
  74:Core/Src/adc.c ****   }
  75:Core/Src/adc.c **** 
  76:Core/Src/adc.c ****   /** Configure Regular Channel
  77:Core/Src/adc.c ****   */
  78:Core/Src/adc.c ****   sConfig.Channel = ADC_CHANNEL_1;
 136              		.loc 1 78 3 is_stmt 1 view .LVU47
 137              		.loc 1 78 19 is_stmt 0 view .LVU48
 138 006c 2C4B     		ldr	r3, .L15+4
 139 006e 0F93     		str	r3, [sp, #60]
  79:Core/Src/adc.c ****   sConfig.Rank = ADC_REGULAR_RANK_1;
 140              		.loc 1 79 3 is_stmt 1 view .LVU49
 141              		.loc 1 79 16 is_stmt 0 view .LVU50
 142 0070 0623     		movs	r3, #6
 143 0072 1093     		str	r3, [sp, #64]
  80:Core/Src/adc.c ****   sConfig.SamplingTime = ADC_SAMPLETIME_2CYCLES_5;
 144              		.loc 1 80 3 is_stmt 1 view .LVU51
 145              		.loc 1 80 24 is_stmt 0 view .LVU52
 146 0074 0023     		movs	r3, #0
 147 0076 1193     		str	r3, [sp, #68]
  81:Core/Src/adc.c ****   sConfig.SingleDiff = ADC_SINGLE_ENDED;
 148              		.loc 1 81 3 is_stmt 1 view .LVU53
ARM GAS  /tmp/cc8DLmSf.s 			page 5


 149              		.loc 1 81 22 is_stmt 0 view .LVU54
 150 0078 7F22     		movs	r2, #127
 151 007a 1292     		str	r2, [sp, #72]
  82:Core/Src/adc.c ****   sConfig.OffsetNumber = ADC_OFFSET_NONE;
 152              		.loc 1 82 3 is_stmt 1 view .LVU55
 153              		.loc 1 82 24 is_stmt 0 view .LVU56
 154 007c 0422     		movs	r2, #4
 155 007e 1392     		str	r2, [sp, #76]
  83:Core/Src/adc.c ****   sConfig.Offset = 0;
 156              		.loc 1 83 3 is_stmt 1 view .LVU57
 157              		.loc 1 83 18 is_stmt 0 view .LVU58
 158 0080 1493     		str	r3, [sp, #80]
  84:Core/Src/adc.c ****   if (HAL_ADC_ConfigChannel(&hadc1, &sConfig) != HAL_OK)
 159              		.loc 1 84 3 is_stmt 1 view .LVU59
 160              		.loc 1 84 7 is_stmt 0 view .LVU60
 161 0082 0FA9     		add	r1, sp, #60
 162 0084 2548     		ldr	r0, .L15
 163 0086 FFF7FEFF 		bl	HAL_ADC_ConfigChannel
 164              	.LVL4:
 165              		.loc 1 84 6 discriminator 1 view .LVU61
 166 008a 0028     		cmp	r0, #0
 167 008c 3AD1     		bne	.L11
 168              	.L4:
  85:Core/Src/adc.c ****   {
  86:Core/Src/adc.c ****     Error_Handler();
  87:Core/Src/adc.c ****   }
  88:Core/Src/adc.c **** 
  89:Core/Src/adc.c ****   /** Configure Injected Channel
  90:Core/Src/adc.c ****   */
  91:Core/Src/adc.c ****   sConfigInjected.InjectedChannel = ADC_CHANNEL_1;
 169              		.loc 1 91 3 is_stmt 1 view .LVU62
 170              		.loc 1 91 35 is_stmt 0 view .LVU63
 171 008e 244B     		ldr	r3, .L15+4
 172 0090 0093     		str	r3, [sp]
  92:Core/Src/adc.c ****   sConfigInjected.InjectedRank = ADC_INJECTED_RANK_1;
 173              		.loc 1 92 3 is_stmt 1 view .LVU64
 174              		.loc 1 92 32 is_stmt 0 view .LVU65
 175 0092 0923     		movs	r3, #9
 176 0094 0193     		str	r3, [sp, #4]
  93:Core/Src/adc.c ****   sConfigInjected.InjectedSamplingTime = ADC_SAMPLETIME_6CYCLES_5;
 177              		.loc 1 93 3 is_stmt 1 view .LVU66
 178              		.loc 1 93 40 is_stmt 0 view .LVU67
 179 0096 0123     		movs	r3, #1
 180 0098 0293     		str	r3, [sp, #8]
  94:Core/Src/adc.c ****   sConfigInjected.InjectedSingleDiff = ADC_SINGLE_ENDED;
 181              		.loc 1 94 3 is_stmt 1 view .LVU68
 182              		.loc 1 94 38 is_stmt 0 view .LVU69
 183 009a 7F23     		movs	r3, #127
 184 009c 0393     		str	r3, [sp, #12]
  95:Core/Src/adc.c ****   sConfigInjected.InjectedOffsetNumber = ADC_OFFSET_NONE;
 185              		.loc 1 95 3 is_stmt 1 view .LVU70
 186              		.loc 1 95 40 is_stmt 0 view .LVU71
 187 009e 0423     		movs	r3, #4
 188 00a0 0493     		str	r3, [sp, #16]
  96:Core/Src/adc.c ****   sConfigInjected.InjectedOffset = 0;
 189              		.loc 1 96 3 is_stmt 1 view .LVU72
 190              		.loc 1 96 34 is_stmt 0 view .LVU73
ARM GAS  /tmp/cc8DLmSf.s 			page 6


 191 00a2 0023     		movs	r3, #0
 192 00a4 0593     		str	r3, [sp, #20]
  97:Core/Src/adc.c ****   sConfigInjected.InjectedNbrOfConversion = 3;
 193              		.loc 1 97 3 is_stmt 1 view .LVU74
 194              		.loc 1 97 43 is_stmt 0 view .LVU75
 195 00a6 0322     		movs	r2, #3
 196 00a8 0892     		str	r2, [sp, #32]
  98:Core/Src/adc.c ****   sConfigInjected.InjectedDiscontinuousConvMode = DISABLE;
 197              		.loc 1 98 3 is_stmt 1 view .LVU76
 198              		.loc 1 98 49 is_stmt 0 view .LVU77
 199 00aa 8DF82430 		strb	r3, [sp, #36]
  99:Core/Src/adc.c ****   sConfigInjected.AutoInjectedConv = DISABLE;
 200              		.loc 1 99 3 is_stmt 1 view .LVU78
 201              		.loc 1 99 36 is_stmt 0 view .LVU79
 202 00ae 8DF82530 		strb	r3, [sp, #37]
 100:Core/Src/adc.c ****   sConfigInjected.QueueInjectedContext = DISABLE;
 203              		.loc 1 100 3 is_stmt 1 view .LVU80
 204              		.loc 1 100 40 is_stmt 0 view .LVU81
 205 00b2 8DF82630 		strb	r3, [sp, #38]
 101:Core/Src/adc.c ****   sConfigInjected.ExternalTrigInjecConv = ADC_EXTERNALTRIGINJEC_T1_TRGO2;
 206              		.loc 1 101 3 is_stmt 1 view .LVU82
 207              		.loc 1 101 41 is_stmt 0 view .LVU83
 208 00b6 A022     		movs	r2, #160
 209 00b8 0A92     		str	r2, [sp, #40]
 102:Core/Src/adc.c ****   sConfigInjected.ExternalTrigInjecConvEdge = ADC_EXTERNALTRIGINJECCONV_EDGE_RISING;
 210              		.loc 1 102 3 is_stmt 1 view .LVU84
 211              		.loc 1 102 45 is_stmt 0 view .LVU85
 212 00ba 8022     		movs	r2, #128
 213 00bc 0B92     		str	r2, [sp, #44]
 103:Core/Src/adc.c ****   sConfigInjected.InjecOversamplingMode = DISABLE;
 214              		.loc 1 103 3 is_stmt 1 view .LVU86
 215              		.loc 1 103 41 is_stmt 0 view .LVU87
 216 00be 8DF83030 		strb	r3, [sp, #48]
 104:Core/Src/adc.c ****   if (HAL_ADCEx_InjectedConfigChannel(&hadc1, &sConfigInjected) != HAL_OK)
 217              		.loc 1 104 3 is_stmt 1 view .LVU88
 218              		.loc 1 104 7 is_stmt 0 view .LVU89
 219 00c2 6946     		mov	r1, sp
 220 00c4 1548     		ldr	r0, .L15
 221 00c6 FFF7FEFF 		bl	HAL_ADCEx_InjectedConfigChannel
 222              	.LVL5:
 223              		.loc 1 104 6 discriminator 1 view .LVU90
 224 00ca F0B9     		cbnz	r0, .L12
 225              	.L5:
 105:Core/Src/adc.c ****   {
 106:Core/Src/adc.c ****     Error_Handler();
 107:Core/Src/adc.c ****   }
 108:Core/Src/adc.c **** 
 109:Core/Src/adc.c ****   /** Configure Injected Channel
 110:Core/Src/adc.c ****   */
 111:Core/Src/adc.c ****   sConfigInjected.InjectedChannel = ADC_CHANNEL_2;
 226              		.loc 1 111 3 is_stmt 1 view .LVU91
 227              		.loc 1 111 35 is_stmt 0 view .LVU92
 228 00cc 154B     		ldr	r3, .L15+8
 229 00ce 0093     		str	r3, [sp]
 112:Core/Src/adc.c ****   sConfigInjected.InjectedRank = ADC_INJECTED_RANK_2;
 230              		.loc 1 112 3 is_stmt 1 view .LVU93
 231              		.loc 1 112 32 is_stmt 0 view .LVU94
ARM GAS  /tmp/cc8DLmSf.s 			page 7


 232 00d0 40F20F13 		movw	r3, #271
 233 00d4 0193     		str	r3, [sp, #4]
 113:Core/Src/adc.c ****   if (HAL_ADCEx_InjectedConfigChannel(&hadc1, &sConfigInjected) != HAL_OK)
 234              		.loc 1 113 3 is_stmt 1 view .LVU95
 235              		.loc 1 113 7 is_stmt 0 view .LVU96
 236 00d6 6946     		mov	r1, sp
 237 00d8 1048     		ldr	r0, .L15
 238 00da FFF7FEFF 		bl	HAL_ADCEx_InjectedConfigChannel
 239              	.LVL6:
 240              		.loc 1 113 6 discriminator 1 view .LVU97
 241 00de B8B9     		cbnz	r0, .L13
 242              	.L6:
 114:Core/Src/adc.c ****   {
 115:Core/Src/adc.c ****     Error_Handler();
 116:Core/Src/adc.c ****   }
 117:Core/Src/adc.c **** 
 118:Core/Src/adc.c ****   /** Configure Injected Channel
 119:Core/Src/adc.c ****   */
 120:Core/Src/adc.c ****   sConfigInjected.InjectedChannel = ADC_CHANNEL_4;
 243              		.loc 1 120 3 is_stmt 1 view .LVU98
 244              		.loc 1 120 35 is_stmt 0 view .LVU99
 245 00e0 114B     		ldr	r3, .L15+12
 246 00e2 0093     		str	r3, [sp]
 121:Core/Src/adc.c ****   sConfigInjected.InjectedRank = ADC_INJECTED_RANK_3;
 247              		.loc 1 121 3 is_stmt 1 view .LVU100
 248              		.loc 1 121 32 is_stmt 0 view .LVU101
 249 00e4 40F21523 		movw	r3, #533
 250 00e8 0193     		str	r3, [sp, #4]
 122:Core/Src/adc.c ****   if (HAL_ADCEx_InjectedConfigChannel(&hadc1, &sConfigInjected) != HAL_OK)
 251              		.loc 1 122 3 is_stmt 1 view .LVU102
 252              		.loc 1 122 7 is_stmt 0 view .LVU103
 253 00ea 6946     		mov	r1, sp
 254 00ec 0B48     		ldr	r0, .L15
 255 00ee FFF7FEFF 		bl	HAL_ADCEx_InjectedConfigChannel
 256              	.LVL7:
 257              		.loc 1 122 6 discriminator 1 view .LVU104
 258 00f2 80B9     		cbnz	r0, .L14
 259              	.L1:
 123:Core/Src/adc.c ****   {
 124:Core/Src/adc.c ****     Error_Handler();
 125:Core/Src/adc.c ****   }
 126:Core/Src/adc.c ****   /* USER CODE BEGIN ADC1_Init 2 */
 127:Core/Src/adc.c **** 
 128:Core/Src/adc.c ****   /* USER CODE END ADC1_Init 2 */
 129:Core/Src/adc.c **** 
 130:Core/Src/adc.c **** }
 260              		.loc 1 130 1 view .LVU105
 261 00f4 1AB0     		add	sp, sp, #104
 262              	.LCFI2:
 263              		.cfi_remember_state
 264              		.cfi_def_cfa_offset 8
 265              		@ sp needed
 266 00f6 10BD     		pop	{r4, pc}
 267              	.L9:
 268              	.LCFI3:
 269              		.cfi_restore_state
  65:Core/Src/adc.c ****   }
ARM GAS  /tmp/cc8DLmSf.s 			page 8


 270              		.loc 1 65 5 is_stmt 1 view .LVU106
 271 00f8 FFF7FEFF 		bl	Error_Handler
 272              	.LVL8:
 273 00fc AEE7     		b	.L2
 274              	.L10:
  73:Core/Src/adc.c ****   }
 275              		.loc 1 73 5 view .LVU107
 276 00fe FFF7FEFF 		bl	Error_Handler
 277              	.LVL9:
 278 0102 B3E7     		b	.L3
 279              	.L11:
  86:Core/Src/adc.c ****   }
 280              		.loc 1 86 5 view .LVU108
 281 0104 FFF7FEFF 		bl	Error_Handler
 282              	.LVL10:
 283 0108 C1E7     		b	.L4
 284              	.L12:
 106:Core/Src/adc.c ****   }
 285              		.loc 1 106 5 view .LVU109
 286 010a FFF7FEFF 		bl	Error_Handler
 287              	.LVL11:
 288 010e DDE7     		b	.L5
 289              	.L13:
 115:Core/Src/adc.c ****   }
 290              		.loc 1 115 5 view .LVU110
 291 0110 FFF7FEFF 		bl	Error_Handler
 292              	.LVL12:
 293 0114 E4E7     		b	.L6
 294              	.L14:
 124:Core/Src/adc.c ****   }
 295              		.loc 1 124 5 view .LVU111
 296 0116 FFF7FEFF 		bl	Error_Handler
 297              	.LVL13:
 298              		.loc 1 130 1 is_stmt 0 view .LVU112
 299 011a EBE7     		b	.L1
 300              	.L16:
 301              		.align	2
 302              	.L15:
 303 011c 00000000 		.word	hadc1
 304 0120 02003004 		.word	70254594
 305 0124 04006008 		.word	140509188
 306 0128 1000C010 		.word	281018384
 307              		.cfi_endproc
 308              	.LFE329:
 310              		.section	.text.HAL_ADC_MspInit,"ax",%progbits
 311              		.align	1
 312              		.global	HAL_ADC_MspInit
 313              		.syntax unified
 314              		.thumb
 315              		.thumb_func
 317              	HAL_ADC_MspInit:
 318              	.LVL14:
 319              	.LFB330:
 131:Core/Src/adc.c **** 
 132:Core/Src/adc.c **** void HAL_ADC_MspInit(ADC_HandleTypeDef* adcHandle)
 133:Core/Src/adc.c **** {
 320              		.loc 1 133 1 is_stmt 1 view -0
ARM GAS  /tmp/cc8DLmSf.s 			page 9


 321              		.cfi_startproc
 322              		@ args = 0, pretend = 0, frame = 112
 323              		@ frame_needed = 0, uses_anonymous_args = 0
 324              		.loc 1 133 1 is_stmt 0 view .LVU114
 325 0000 10B5     		push	{r4, lr}
 326              	.LCFI4:
 327              		.cfi_def_cfa_offset 8
 328              		.cfi_offset 4, -8
 329              		.cfi_offset 14, -4
 330 0002 9CB0     		sub	sp, sp, #112
 331              	.LCFI5:
 332              		.cfi_def_cfa_offset 120
 333 0004 0446     		mov	r4, r0
 134:Core/Src/adc.c **** 
 135:Core/Src/adc.c ****   GPIO_InitTypeDef GPIO_InitStruct = {0};
 334              		.loc 1 135 3 is_stmt 1 view .LVU115
 335              		.loc 1 135 20 is_stmt 0 view .LVU116
 336 0006 0021     		movs	r1, #0
 337 0008 1791     		str	r1, [sp, #92]
 338 000a 1891     		str	r1, [sp, #96]
 339 000c 1991     		str	r1, [sp, #100]
 340 000e 1A91     		str	r1, [sp, #104]
 341 0010 1B91     		str	r1, [sp, #108]
 136:Core/Src/adc.c ****   RCC_PeriphCLKInitTypeDef PeriphClkInit = {0};
 342              		.loc 1 136 3 is_stmt 1 view .LVU117
 343              		.loc 1 136 28 is_stmt 0 view .LVU118
 344 0012 5422     		movs	r2, #84
 345 0014 02A8     		add	r0, sp, #8
 346              	.LVL15:
 347              		.loc 1 136 28 view .LVU119
 348 0016 FFF7FEFF 		bl	memset
 349              	.LVL16:
 137:Core/Src/adc.c ****   if(adcHandle->Instance==ADC1)
 350              		.loc 1 137 3 is_stmt 1 view .LVU120
 351              		.loc 1 137 15 is_stmt 0 view .LVU121
 352 001a 2368     		ldr	r3, [r4]
 353              		.loc 1 137 5 view .LVU122
 354 001c B3F1A04F 		cmp	r3, #1342177280
 355 0020 01D0     		beq	.L21
 356              	.LVL17:
 357              	.L17:
 138:Core/Src/adc.c ****   {
 139:Core/Src/adc.c ****   /* USER CODE BEGIN ADC1_MspInit 0 */
 140:Core/Src/adc.c **** 
 141:Core/Src/adc.c ****   /* USER CODE END ADC1_MspInit 0 */
 142:Core/Src/adc.c **** 
 143:Core/Src/adc.c ****   /** Initializes the peripherals clocks
 144:Core/Src/adc.c ****   */
 145:Core/Src/adc.c ****     PeriphClkInit.PeriphClockSelection = RCC_PERIPHCLK_ADC12;
 146:Core/Src/adc.c ****     PeriphClkInit.Adc12ClockSelection = RCC_ADC12CLKSOURCE_SYSCLK;
 147:Core/Src/adc.c ****     if (HAL_RCCEx_PeriphCLKConfig(&PeriphClkInit) != HAL_OK)
 148:Core/Src/adc.c ****     {
 149:Core/Src/adc.c ****       Error_Handler();
 150:Core/Src/adc.c ****     }
 151:Core/Src/adc.c **** 
 152:Core/Src/adc.c ****     /* ADC1 clock enable */
 153:Core/Src/adc.c ****     __HAL_RCC_ADC12_CLK_ENABLE();
ARM GAS  /tmp/cc8DLmSf.s 			page 10


 154:Core/Src/adc.c **** 
 155:Core/Src/adc.c ****     __HAL_RCC_GPIOA_CLK_ENABLE();
 156:Core/Src/adc.c ****     /**ADC1 GPIO Configuration
 157:Core/Src/adc.c ****     PA0     ------> ADC1_IN1
 158:Core/Src/adc.c ****     PA1     ------> ADC1_IN2
 159:Core/Src/adc.c ****     PA3     ------> ADC1_IN4
 160:Core/Src/adc.c ****     */
 161:Core/Src/adc.c ****     GPIO_InitStruct.Pin = GPIO_PIN_0|GPIO_PIN_1|GPIO_PIN_3;
 162:Core/Src/adc.c ****     GPIO_InitStruct.Mode = GPIO_MODE_ANALOG;
 163:Core/Src/adc.c ****     GPIO_InitStruct.Pull = GPIO_NOPULL;
 164:Core/Src/adc.c ****     HAL_GPIO_Init(GPIOA, &GPIO_InitStruct);
 165:Core/Src/adc.c **** 
 166:Core/Src/adc.c ****     /* ADC1 interrupt Init */
 167:Core/Src/adc.c ****     HAL_NVIC_SetPriority(ADC1_2_IRQn, 0, 0);
 168:Core/Src/adc.c ****     HAL_NVIC_EnableIRQ(ADC1_2_IRQn);
 169:Core/Src/adc.c ****   /* USER CODE BEGIN ADC1_MspInit 1 */
 170:Core/Src/adc.c **** 
 171:Core/Src/adc.c ****   /* USER CODE END ADC1_MspInit 1 */
 172:Core/Src/adc.c ****   }
 173:Core/Src/adc.c **** }
 358              		.loc 1 173 1 view .LVU123
 359 0022 1CB0     		add	sp, sp, #112
 360              	.LCFI6:
 361              		.cfi_remember_state
 362              		.cfi_def_cfa_offset 8
 363              		@ sp needed
 364 0024 10BD     		pop	{r4, pc}
 365              	.LVL18:
 366              	.L21:
 367              	.LCFI7:
 368              		.cfi_restore_state
 145:Core/Src/adc.c ****     PeriphClkInit.Adc12ClockSelection = RCC_ADC12CLKSOURCE_SYSCLK;
 369              		.loc 1 145 5 is_stmt 1 view .LVU124
 145:Core/Src/adc.c ****     PeriphClkInit.Adc12ClockSelection = RCC_ADC12CLKSOURCE_SYSCLK;
 370              		.loc 1 145 40 is_stmt 0 view .LVU125
 371 0026 4FF40043 		mov	r3, #32768
 372 002a 0293     		str	r3, [sp, #8]
 146:Core/Src/adc.c ****     if (HAL_RCCEx_PeriphCLKConfig(&PeriphClkInit) != HAL_OK)
 373              		.loc 1 146 5 is_stmt 1 view .LVU126
 146:Core/Src/adc.c ****     if (HAL_RCCEx_PeriphCLKConfig(&PeriphClkInit) != HAL_OK)
 374              		.loc 1 146 39 is_stmt 0 view .LVU127
 375 002c 4FF00053 		mov	r3, #536870912
 376 0030 1393     		str	r3, [sp, #76]
 147:Core/Src/adc.c ****     {
 377              		.loc 1 147 5 is_stmt 1 view .LVU128
 147:Core/Src/adc.c ****     {
 378              		.loc 1 147 9 is_stmt 0 view .LVU129
 379 0032 02A8     		add	r0, sp, #8
 380 0034 FFF7FEFF 		bl	HAL_RCCEx_PeriphCLKConfig
 381              	.LVL19:
 147:Core/Src/adc.c ****     {
 382              		.loc 1 147 8 discriminator 1 view .LVU130
 383 0038 30BB     		cbnz	r0, .L22
 384              	.L19:
 153:Core/Src/adc.c **** 
 385              		.loc 1 153 5 is_stmt 1 view .LVU131
 386              	.LBB2:
ARM GAS  /tmp/cc8DLmSf.s 			page 11


 153:Core/Src/adc.c **** 
 387              		.loc 1 153 5 view .LVU132
 153:Core/Src/adc.c **** 
 388              		.loc 1 153 5 view .LVU133
 389 003a 154B     		ldr	r3, .L23
 390 003c DA6C     		ldr	r2, [r3, #76]
 391 003e 42F40052 		orr	r2, r2, #8192
 392 0042 DA64     		str	r2, [r3, #76]
 153:Core/Src/adc.c **** 
 393              		.loc 1 153 5 view .LVU134
 394 0044 DA6C     		ldr	r2, [r3, #76]
 395 0046 02F40052 		and	r2, r2, #8192
 396 004a 0092     		str	r2, [sp]
 153:Core/Src/adc.c **** 
 397              		.loc 1 153 5 view .LVU135
 398 004c 009A     		ldr	r2, [sp]
 399              	.LBE2:
 153:Core/Src/adc.c **** 
 400              		.loc 1 153 5 view .LVU136
 155:Core/Src/adc.c ****     /**ADC1 GPIO Configuration
 401              		.loc 1 155 5 view .LVU137
 402              	.LBB3:
 155:Core/Src/adc.c ****     /**ADC1 GPIO Configuration
 403              		.loc 1 155 5 view .LVU138
 155:Core/Src/adc.c ****     /**ADC1 GPIO Configuration
 404              		.loc 1 155 5 view .LVU139
 405 004e DA6C     		ldr	r2, [r3, #76]
 406 0050 42F00102 		orr	r2, r2, #1
 407 0054 DA64     		str	r2, [r3, #76]
 155:Core/Src/adc.c ****     /**ADC1 GPIO Configuration
 408              		.loc 1 155 5 view .LVU140
 409 0056 DB6C     		ldr	r3, [r3, #76]
 410 0058 03F00103 		and	r3, r3, #1
 411 005c 0193     		str	r3, [sp, #4]
 155:Core/Src/adc.c ****     /**ADC1 GPIO Configuration
 412              		.loc 1 155 5 view .LVU141
 413 005e 019B     		ldr	r3, [sp, #4]
 414              	.LBE3:
 155:Core/Src/adc.c ****     /**ADC1 GPIO Configuration
 415              		.loc 1 155 5 view .LVU142
 161:Core/Src/adc.c ****     GPIO_InitStruct.Mode = GPIO_MODE_ANALOG;
 416              		.loc 1 161 5 view .LVU143
 161:Core/Src/adc.c ****     GPIO_InitStruct.Mode = GPIO_MODE_ANALOG;
 417              		.loc 1 161 25 is_stmt 0 view .LVU144
 418 0060 0B23     		movs	r3, #11
 419 0062 1793     		str	r3, [sp, #92]
 162:Core/Src/adc.c ****     GPIO_InitStruct.Pull = GPIO_NOPULL;
 420              		.loc 1 162 5 is_stmt 1 view .LVU145
 162:Core/Src/adc.c ****     GPIO_InitStruct.Pull = GPIO_NOPULL;
 421              		.loc 1 162 26 is_stmt 0 view .LVU146
 422 0064 0323     		movs	r3, #3
 423 0066 1893     		str	r3, [sp, #96]
 163:Core/Src/adc.c ****     HAL_GPIO_Init(GPIOA, &GPIO_InitStruct);
 424              		.loc 1 163 5 is_stmt 1 view .LVU147
 163:Core/Src/adc.c ****     HAL_GPIO_Init(GPIOA, &GPIO_InitStruct);
 425              		.loc 1 163 26 is_stmt 0 view .LVU148
 426 0068 0024     		movs	r4, #0
ARM GAS  /tmp/cc8DLmSf.s 			page 12


 427              	.LVL20:
 163:Core/Src/adc.c ****     HAL_GPIO_Init(GPIOA, &GPIO_InitStruct);
 428              		.loc 1 163 26 view .LVU149
 429 006a 1994     		str	r4, [sp, #100]
 164:Core/Src/adc.c **** 
 430              		.loc 1 164 5 is_stmt 1 view .LVU150
 431 006c 17A9     		add	r1, sp, #92
 432 006e 4FF09040 		mov	r0, #1207959552
 433 0072 FFF7FEFF 		bl	HAL_GPIO_Init
 434              	.LVL21:
 167:Core/Src/adc.c ****     HAL_NVIC_EnableIRQ(ADC1_2_IRQn);
 435              		.loc 1 167 5 view .LVU151
 436 0076 2246     		mov	r2, r4
 437 0078 2146     		mov	r1, r4
 438 007a 1220     		movs	r0, #18
 439 007c FFF7FEFF 		bl	HAL_NVIC_SetPriority
 440              	.LVL22:
 168:Core/Src/adc.c ****   /* USER CODE BEGIN ADC1_MspInit 1 */
 441              		.loc 1 168 5 view .LVU152
 442 0080 1220     		movs	r0, #18
 443 0082 FFF7FEFF 		bl	HAL_NVIC_EnableIRQ
 444              	.LVL23:
 445              		.loc 1 173 1 is_stmt 0 view .LVU153
 446 0086 CCE7     		b	.L17
 447              	.LVL24:
 448              	.L22:
 149:Core/Src/adc.c ****     }
 449              		.loc 1 149 7 is_stmt 1 view .LVU154
 450 0088 FFF7FEFF 		bl	Error_Handler
 451              	.LVL25:
 452 008c D5E7     		b	.L19
 453              	.L24:
 454 008e 00BF     		.align	2
 455              	.L23:
 456 0090 00100240 		.word	1073876992
 457              		.cfi_endproc
 458              	.LFE330:
 460              		.section	.text.HAL_ADC_MspDeInit,"ax",%progbits
 461              		.align	1
 462              		.global	HAL_ADC_MspDeInit
 463              		.syntax unified
 464              		.thumb
 465              		.thumb_func
 467              	HAL_ADC_MspDeInit:
 468              	.LVL26:
 469              	.LFB331:
 174:Core/Src/adc.c **** 
 175:Core/Src/adc.c **** void HAL_ADC_MspDeInit(ADC_HandleTypeDef* adcHandle)
 176:Core/Src/adc.c **** {
 470              		.loc 1 176 1 view -0
 471              		.cfi_startproc
 472              		@ args = 0, pretend = 0, frame = 0
 473              		@ frame_needed = 0, uses_anonymous_args = 0
 474              		.loc 1 176 1 is_stmt 0 view .LVU156
 475 0000 08B5     		push	{r3, lr}
 476              	.LCFI8:
 477              		.cfi_def_cfa_offset 8
ARM GAS  /tmp/cc8DLmSf.s 			page 13


 478              		.cfi_offset 3, -8
 479              		.cfi_offset 14, -4
 177:Core/Src/adc.c **** 
 178:Core/Src/adc.c ****   if(adcHandle->Instance==ADC1)
 480              		.loc 1 178 3 is_stmt 1 view .LVU157
 481              		.loc 1 178 15 is_stmt 0 view .LVU158
 482 0002 0368     		ldr	r3, [r0]
 483              		.loc 1 178 5 view .LVU159
 484 0004 B3F1A04F 		cmp	r3, #1342177280
 485 0008 00D0     		beq	.L28
 486              	.LVL27:
 487              	.L25:
 179:Core/Src/adc.c ****   {
 180:Core/Src/adc.c ****   /* USER CODE BEGIN ADC1_MspDeInit 0 */
 181:Core/Src/adc.c **** 
 182:Core/Src/adc.c ****   /* USER CODE END ADC1_MspDeInit 0 */
 183:Core/Src/adc.c ****     /* Peripheral clock disable */
 184:Core/Src/adc.c ****     __HAL_RCC_ADC12_CLK_DISABLE();
 185:Core/Src/adc.c **** 
 186:Core/Src/adc.c ****     /**ADC1 GPIO Configuration
 187:Core/Src/adc.c ****     PA0     ------> ADC1_IN1
 188:Core/Src/adc.c ****     PA1     ------> ADC1_IN2
 189:Core/Src/adc.c ****     PA3     ------> ADC1_IN4
 190:Core/Src/adc.c ****     */
 191:Core/Src/adc.c ****     HAL_GPIO_DeInit(GPIOA, GPIO_PIN_0|GPIO_PIN_1|GPIO_PIN_3);
 192:Core/Src/adc.c **** 
 193:Core/Src/adc.c ****     /* ADC1 interrupt Deinit */
 194:Core/Src/adc.c ****     HAL_NVIC_DisableIRQ(ADC1_2_IRQn);
 195:Core/Src/adc.c ****   /* USER CODE BEGIN ADC1_MspDeInit 1 */
 196:Core/Src/adc.c **** 
 197:Core/Src/adc.c ****   /* USER CODE END ADC1_MspDeInit 1 */
 198:Core/Src/adc.c ****   }
 199:Core/Src/adc.c **** }
 488              		.loc 1 199 1 view .LVU160
 489 000a 08BD     		pop	{r3, pc}
 490              	.LVL28:
 491              	.L28:
 184:Core/Src/adc.c **** 
 492              		.loc 1 184 5 is_stmt 1 view .LVU161
 493 000c 064A     		ldr	r2, .L29
 494 000e D36C     		ldr	r3, [r2, #76]
 495 0010 23F40053 		bic	r3, r3, #8192
 496 0014 D364     		str	r3, [r2, #76]
 191:Core/Src/adc.c **** 
 497              		.loc 1 191 5 view .LVU162
 498 0016 0B21     		movs	r1, #11
 499 0018 4FF09040 		mov	r0, #1207959552
 500              	.LVL29:
 191:Core/Src/adc.c **** 
 501              		.loc 1 191 5 is_stmt 0 view .LVU163
 502 001c FFF7FEFF 		bl	HAL_GPIO_DeInit
 503              	.LVL30:
 194:Core/Src/adc.c ****   /* USER CODE BEGIN ADC1_MspDeInit 1 */
 504              		.loc 1 194 5 is_stmt 1 view .LVU164
 505 0020 1220     		movs	r0, #18
 506 0022 FFF7FEFF 		bl	HAL_NVIC_DisableIRQ
 507              	.LVL31:
ARM GAS  /tmp/cc8DLmSf.s 			page 14


 508              		.loc 1 199 1 is_stmt 0 view .LVU165
 509 0026 F0E7     		b	.L25
 510              	.L30:
 511              		.align	2
 512              	.L29:
 513 0028 00100240 		.word	1073876992
 514              		.cfi_endproc
 515              	.LFE331:
 517              		.global	hadc1
 518              		.section	.bss.hadc1,"aw",%nobits
 519              		.align	2
 522              	hadc1:
 523 0000 00000000 		.space	108
 523      00000000 
 523      00000000 
 523      00000000 
 523      00000000 
 524              		.text
 525              	.Letext0:
 526              		.file 2 "Drivers/CMSIS/Device/ST/STM32G4xx/Include/stm32g474xx.h"
 527              		.file 3 "/usr/lib/gcc/arm-none-eabi/13.2.1/include/stdint.h"
 528              		.file 4 "Drivers/CMSIS/Device/ST/STM32G4xx/Include/stm32g4xx.h"
 529              		.file 5 "Drivers/STM32G4xx_HAL_Driver/Inc/stm32g4xx_hal_def.h"
 530              		.file 6 "Drivers/STM32G4xx_HAL_Driver/Inc/stm32g4xx_hal_rcc_ex.h"
 531              		.file 7 "Drivers/STM32G4xx_HAL_Driver/Inc/stm32g4xx_hal_gpio.h"
 532              		.file 8 "Drivers/STM32G4xx_HAL_Driver/Inc/stm32g4xx_hal_dma.h"
 533              		.file 9 "Drivers/STM32G4xx_HAL_Driver/Inc/stm32g4xx_hal_adc.h"
 534              		.file 10 "Drivers/STM32G4xx_HAL_Driver/Inc/stm32g4xx_hal_adc_ex.h"
 535              		.file 11 "Drivers/STM32G4xx_HAL_Driver/Inc/stm32g4xx_hal_cortex.h"
 536              		.file 12 "Core/Inc/adc.h"
 537              		.file 13 "Core/Inc/main.h"
 538              		.file 14 "<built-in>"
ARM GAS  /tmp/cc8DLmSf.s 			page 15


DEFINED SYMBOLS
                            *ABS*:00000000 adc.c
     /tmp/cc8DLmSf.s:21     .text.MX_ADC1_Init:00000000 $t
     /tmp/cc8DLmSf.s:27     .text.MX_ADC1_Init:00000000 MX_ADC1_Init
     /tmp/cc8DLmSf.s:303    .text.MX_ADC1_Init:0000011c $d
     /tmp/cc8DLmSf.s:522    .bss.hadc1:00000000 hadc1
     /tmp/cc8DLmSf.s:311    .text.HAL_ADC_MspInit:00000000 $t
     /tmp/cc8DLmSf.s:317    .text.HAL_ADC_MspInit:00000000 HAL_ADC_MspInit
     /tmp/cc8DLmSf.s:456    .text.HAL_ADC_MspInit:00000090 $d
     /tmp/cc8DLmSf.s:461    .text.HAL_ADC_MspDeInit:00000000 $t
     /tmp/cc8DLmSf.s:467    .text.HAL_ADC_MspDeInit:00000000 HAL_ADC_MspDeInit
     /tmp/cc8DLmSf.s:513    .text.HAL_ADC_MspDeInit:00000028 $d
     /tmp/cc8DLmSf.s:519    .bss.hadc1:00000000 $d

UNDEFINED SYMBOLS
memset
HAL_ADC_Init
HAL_ADCEx_MultiModeConfigChannel
HAL_ADC_ConfigChannel
HAL_ADCEx_InjectedConfigChannel
Error_Handler
HAL_RCCEx_PeriphCLKConfig
HAL_GPIO_Init
HAL_NVIC_SetPriority
HAL_NVIC_EnableIRQ
HAL_GPIO_DeInit
HAL_NVIC_DisableIRQ
